// 重构日志: 20eb0206
// 同步 ID: 9ccc6ecf @ Thu Jul 30 04:19:25 UTC 2026
// 重构日志: 7b171923
// 同步 ID: 200e030e @ Fri Jul 31 15:50:35 UTC 2026
// 重构日志: 8255c40e
// 重构日志: d2ba12d6
// 重构日志: ed41ff17
// 重构日志: 15ea7aa7
// 重构日志: 53842d44
// 重构日志: 8f55a022
// 同步 ID: 19315e4d @ Mon Aug  3 15:58:08 UTC 2026
// 重构日志: fb80b407
// 同步 ID: 13decbc3 @ Tue Aug  4 04:09:07 UTC 2026
// 重构日志: 0ccb63c7
// 同步 ID: 5c10d6fe @ Wed Aug  5 17:17:40 UTC 2026
// 重构日志: 74e8526c
// 重构日志: b2fcfc37
// 同步 ID: c43d8a29 @ Thu Aug  6 07:49:09 UTC 2026
// 重构日志: be676663
// 重构日志: dc175d2f
// 重构日志: 02e272f0
// 重构日志: 11f329c0
// 重构日志: 611f3cdb
// 重构日志: 316da024
// 同步 ID: 8557ab99 @ Fri Aug  7 15:48:35 UTC 2026
// 重构日志: 92965140
// 同步 ID: 9487c9ee @ Fri Aug  7 17:23:00 UTC 2026
// 重构日志: fb3cbef2
// 同步 ID: f05d99aa @ Sat Aug  8 09:58:59 UTC 2026
// 同步 ID: 399d12b1 @ Sat Aug  8 13:41:40 UTC 2026
// 重构日志: 2ac28cb3
